[
  {
    "CategoryId": 4,
    "Name": "Category-3",
    "Image": null,
    "ParentCategoryId": null,
    "Parent": null,
    "Products": null
  }
]
