{
  "CategoryId": 1,
  "Name": "Changed name",
  "Image": null,
  "ParentCategoryId": null,
  "Parent": null,
  "Products": null
}
