[
  {
    "CategoryId": 1,
    "Name": "Category-1",
    "Image": "imageUrl",
    "ParentCategoryId": null
  },
  {
    "CategoryId": 2,
    "Name": "Category-2",
    "Image": null,
    "ParentCategoryId": null
  },
  {
    "CategoryId": 3,
    "Name": "Category-1-1",
    "Image": null,
    "ParentCategoryId": 1
  }
]
